# unsupported JavaScript-only escapes in -d DELIM
json: error: could not parse delim "\0": Unexpected number in JSON at position 2
json: error: could not parse delim "\x2c": Unexpected token x in JSON at position 2
